src/components/ui/calendar.tsx(9,60): error TS2307: Cannot find module 'react-day-picker' or its corresponding type declarations.
src/components/ui/calendar.tsx(39,31): error TS7006: Parameter 'date' implicitly has an 'any' type.
src/components/ui/calendar.tsx(128,18): error TS7031: Binding element 'className' implicitly has an 'any' type.
src/components/ui/calendar.tsx(128,29): error TS7031: Binding element 'rootRef' implicitly has an 'any' type.
src/components/ui/calendar.tsx(138,21): error TS7031: Binding element 'className' implicitly has an 'any' type.
src/components/ui/calendar.tsx(138,32): error TS7031: Binding element 'orientation' implicitly has an 'any' type.
src/components/ui/calendar.tsx(159,24): error TS7031: Binding element 'children' implicitly has an 'any' type.
src/components/ui/form.tsx(13,8): error TS2307: Cannot find module 'react-hook-form' or its corresponding type declarations.
src/components/ui/popover.tsx(4,35): error TS2307: Cannot find module '@radix-ui/react-popover' or its corresponding type declarations.
